help.are
limbo.are
arena.are
midgaard.are
jail.are
merc.are
chakkor.are
thalos.are
thalos2.are
training.are
kytar.are
castle/castles.are
roads.are
univ.are
grove.are
hood.are
npole.are
citadel.are
waterdeep.are
pompeii.are
pyramid.are
gateway.are
avernus.are
bosher.are
newofcol.are
neptune.are
tethyr.are
tvania.are
tangwood.are
valdemar.are
kisan.are
ocean.are
tree.are
underdark.are
wedding.are
antarctica.are
drowhq.are
drow.are
horror.are
wyvern.are
zone.are
griffon.are
paradise.are
isle.are
mistcity.are
abyssal.are
alchemist.are
anasazi.are
arachnos.are
atlantis.are
air.are
bomanz.are
barrow.are
calimarra.are
catacomb.are
citen.are
crater.are
canyon.are
caravan.are
domain.are
wonder.are
pern.are
faerdale.are
savant.are
empmoon.are
astral.are
bobs.are
chapel.are
easter.are
eastern.are
ecity.are
elfhq.are
empiregn.are
entropy.are
eternity.are
ethshar.are
firenewt.are
frost.are
gilikak.are
gnome.are
gnomehq.are
grave.are
graywood.are
guilds.are
halfhq.are
haon.are
hartsvale.are
hitower.are
hive.are
humanhq.are
landover.are
marsh.are
maze.are
medusa.are
meeting.are
merking.are
mictlan.are
midennir.are
midian.are
midnight.are
monastery.are
monastery2.are
moonshae.are
newoly.are
ogre.are
ogreden.are
mobfact.are
realm.are
reason.are
redknts.are
refuge.are
river.are
sarglam.are
sewer.are
sharthea.are
shire.are
shroom.are
sundome.are
swampland.are
tomb.are
trisland.are
under.are
darkemp.are
daycare.are
deeve1.are
demise.are
dragon.are
draconia.are
dwarfhq.are
dwarven.are
juargan.are
island.are
kolvir.are
kingdom.are
landonot.are
mahntor.are
magic.are
oldsinga.are
orchq.are
orcvill.are
phoenix.are
piscyra.are
plains.are
pofear.are
polvo.are
saurong.are
singasep.are
valley.are
vulcano.are
xanth.are
mozm.are
zane.are
newsinga.are
gahld.are
cathedral.are
hirudinia.are
gorth.are
dream.are
aviaranhq.are
centaurhq.are
tsarianhq.are
velake.are
vantage.are
stasisgarden.are
stasiscastle.are
rome.are
arctic.are
netherworld.are
greystone.are
gardens.are
festival.are
summer.are
$
