FALSE	 0
TRUE	 1
NOT_POISONED            0
POISONED                1
ACT_IS_NPC		      1
ACT_SENTINEL		      2
ACT_SCAVENGER		      4
ACT_AGGRESSIVE		     32
ACT_STAY_AREA		     64
ACT_WIMPY		    128
ACT_PET			    256
ACT_TRAIN		    512
ACT_PRACTICE		   1024
ACT_WEAK                   2048
ACT_SMART                  4096
ACT_ONE_FIGHT              8192
ACT_NO_ORDER              16384
ACT_RIDE                  32768
ACT_BODY                  65536
ACT_RACE 		 131072
ACT_UNDEAD		 262144
ACT_ELEMENTAL            524288
ACT_CLAN_GUARD          1048576
ACT_CLAN_HEALER         2097152
ACT_WILL_DIE           16777216
AFF_BLIND		      1
AFF_INVISIBLE		      2
AFF_DETECT_EVIL		      4
AFF_DETECT_INVIS	      8
AFF_DETECT_MAGIC	     16
AFF_DETECT_HIDDEN	     32
AFF_HOLD		     64
AFF_SANCTUARY		    128
AFF_FAERIE_FIRE		    256
AFF_INFRARED		    512
AFF_CURSE		   1024
AFF_UNDERSTAND		   2048
AFF_POISON		   4096
AFF_PROTECT_EVIL	   8192
AFF_PROTECT_GOOD	  16384
AFF_SNEAK		  32768
AFF_HIDE		  65536
AFF_SLEEP		 131072
AFF_CHARM		 262144
AFF_FLYING		 524288
AFF_PASS_DOOR		1048576
AFF_STEALTH             2097152
AFF_CLEAR               4194304
AFF_HUNT                8388608
AFF_TONGUES            16777216
AFF_ETHEREAL           33554432
SEX_NEUTRAL		      0
SEX_MALE		      1
SEX_FEMALE		      2
ITEM_TYPE_NOTHING             0
ITEM_TYPE_LIGHT		      1
ITEM_TYPE_SCROLL	      2
ITEM_TYPE_WAND		      3
ITEM_TYPE_STAFF		      4
ITEM_TYPE_WEAPON	      5
ITEM_TYPE_TREASURE	      8
ITEM_TYPE_ARMOR		      9
ITEM_TYPE_POTION	     10
ITEM_TYPE_FURNITURE	     12
ITEM_TYPE_TRASH		     13
ITEM_TYPE_CONTAINER	     15
ITEM_TYPE_DRINK_CON	     17
ITEM_TYPE_KEY		     18
ITEM_TYPE_FOOD		     19
ITEM_TYPE_MONEY		     20
ITEM_TYPE_BOAT		     22
ITEM_TYPE_CORPSE_NPC	     23
ITEM_TYPE_CORPSE_PC	     24
ITEM_TYPE_FOUNTAIN	     25
ITEM_TYPE_PILL		     26
ITEM_TYPE_AMMO               30
ITEM_FLAG_GLOW		      1
ITEM_FLAG_HUM		      2
ITEM_FLAG_DARK		      4
ITEM_FLAG_LOCK		      8
ITEM_FLAG_EVIL		     16
ITEM_FLAG_INVIS		     32
ITEM_FLAG_MAGIC		     64
ITEM_FLAG_NODROP	    128
ITEM_FLAG_BLESS		    256
ITEM_FLAG_ANTI_GOOD	    512
ITEM_FLAG_ANTI_EVIL	   1024
ITEM_FLAG_ANTI_NEUTRAL	   2048
ITEM_FLAG_NOREMOVE	   4096
ITEM_FLAG_INVENTORY	   8192
ITEM_FLAG_LEVEL	          16384
ITEM_FLAG_NOT_VALID       32768
ITEM_FLAG_AUTO_ENGRAVE    65536
ITEM_WEAR_TAKE		      1
ITEM_WEAR_FINGER	      2
ITEM_WEAR_NECK		      4
ITEM_WEAR_BODY		      8
ITEM_WEAR_HEAD		     16
ITEM_WEAR_LEGS		     32
ITEM_WEAR_FEET		     64
ITEM_WEAR_HANDS		    128
ITEM_WEAR_ARMS		    256
ITEM_WEAR_SHIELD	    512
ITEM_WEAR_ABOUT		   1024
ITEM_WEAR_WAIST		   2048
ITEM_WEAR_WRIST		   4096
ITEM_WEAR_WIELD		   8192
ITEM_WEAR_HOLD		  16384
APPLY_NONE		      0
APPLY_STR		      1
APPLY_DEX		      2
APPLY_INT		      3
APPLY_WIS		      4
APPLY_CON		      5
APPLY_SEX		      6
APPLY_CLASS		      7
APPLY_LEVEL		      8
APPLY_AGE		      9
APPLY_HEIGHT		     10
APPLY_WEIGHT		     11
APPLY_MANA		     12
APPLY_HIT		     13
APPLY_MOVE		     14
APPLY_GOLD		     15
APPLY_EXP		     16
APPLY_AC		     17
APPLY_HITROLL		     18
APPLY_DAMROLL		     19
APPLY_SAVING_PARA	     20
APPLY_SAVING_ROD	     21
APPLY_SAVING_PETRI	     22
APPLY_SAVING_BREATH	     23
APPLY_SAVING_SPELL	     24
CONT_CLOSEABLE		      1
CONT_PICKPROOF		      2
CONT_CLOSED		      4
CONT_LOCKED		      8
ROOM_DARK		      1
ROOM_SMOKE		      2
ROOM_NO_MOB		      4
ROOM_INDOORS		      8
ROOM_HALLUCINATE	     16
ROOM_NO_GOHOME		     32
ROOM_CLAN_DONATION    	     64
ROOM_BANK                   256
ROOM_PRIVATE		    512
ROOM_SAFE		   1024
ROOM_SOLITARY		   2048
ROOM_PET_SHOP		   4096
ROOM_NO_RECALL		   8192
ROOM_RIP                  16384
ROOM_BLOCK                32768
ROOM_NO_SAVE              65536
ROOM_MORGUE              131072
ROOM_TEMPLE	         262144
ROOM_ALTAR_N            1572864
ROOM_ALTAR_C             524288
ROOM_ALTAR_O            1048576
ROOM_ALLOW_ILL   2097152
ROOM_ALLOW_ELE   4194304
ROOM_ALLOW_ROG   6291456
ROOM_ALLOW_RAN   8388608
ROOM_ALLOW_NEC   10485760
ROOM_ALLOW_MON   12582912
ROOM_ALLOW_ASN   14680064
ROOM_IS_CASTLE   16777216
ROOM_IS_ENTRANCE 33554432
ROOM_IS_DELETED  67108864
ROOM_NOTE_BOARD  134217728
ROOM_NO_CASTLE   268435456
ROOM_NO_RIP      536870912
DIR_NORTH		      0
DIR_EAST		      1
DIR_SOUTH		      2
DIR_WEST		      3
DIR_UP			      4
DIR_DOWN		      5
EX_ISDOOR		      1
EX_CLOSED		      2
EX_LOCKED		      4
EX_HIDDEN		      8
EX_RIP                       16
EX_PICKPROOF		     32
EX_BASHPROOF		     64
EX_MAGIC_PROOF		     128
EX_BASHED		     256
EX_UNBARRED		     512
EX_BACKDOOR		     1024
EX_CLAN_BACKDOOR	     2048
SECT_INSIDE		      0
SECT_CITY		      1
SECT_FIELD		      2
SECT_FOREST		      3
SECT_HILLS		      4
SECT_MOUNTAIN		      5
SECT_WATER_SWIM		      6
SECT_WATER_NOSWIM	      7
SECT_UNUSED		      8
SECT_AIR		      9
SECT_DESERT		     10
SECT_LAVA		     11
SECT_INN 		     12
SECT_ETHEREAL                13
SECT_ASTRAL                  14
SECT_UNDER_WATER             15
SECT_UNDER_GROUND            16
SECT_DEEP_EARTH              17
SECT_MAX		     18
POS_DEAD		      0
POS_MORTAL		      1
POS_INCAP		      2
POS_STUNNED		      3
POS_SLEEPING		      4
POS_RESTING		      5
POS_FIGHTING		      6
POS_STANDING		      7
PLR_IS_NPC		      1
PLR_BOUGHT_PET		      2
PLR_AUTOEXIT		      8
PLR_AUTOLOOT		     16
PLR_AUTOSAC                  32
PLR_BLANK		     64
PLR_BRIEF		    128
PLR_COMBINE		    512
PLR_PROMPT		   1024
PLR_TELNET_GA		   2048
PLR_HOLYLIGHT		   4096
PLR_WIZINVIS		   8192
PLR_WIZTIME		  16384
PLR_SILENCE		  32768
PLR_NO_EMOTE		  65536
PLR_NO_TELL	         262144
PLR_LOG			 524288
PLR_DENY		1048576
PLR_FREEZE	   	2097152
PLR_THIEF		4194304
PLR_KILLER		8388608
PLR_DAMAGE             16777216
PLR_AUTO_SPLIT         33554432
PLR_QUIET              67108864
PLR_PAGER             134217728
PLR_CHAT              268435456
PLR_PLAN              536870912
CLASS_ILLUSIONIST             0
CLASS_ELEMENTALIST            1
CLASS_ROGUE                   2
CLASS_RANGER                  3
CLASS_NECROMANCER             4
CLASS_CLERIC                  5
CLASS_ASSASSIN                6
CLASS_MONK                    7
CLASS_MONSTER                 99
RACE_HUMAN                    0
RACE_HALFLING                  1
RACE_ELF                      2
RACE_DROW                     3
RACE_DWARF                    4
RACE_GNOME                    5
RACE_ORC                      6
RACE_OGRE                     7
RACE_AVIARAN                  8
RACE_CENTAUR                  9
RACE_GITH                    10
RACE_TSARIAN                 11
RACE_TROLL                   12
BODY_HEAD		1
BODY_MOUTH       	2
BODY_EYE		4
BODY_TORSO      	8
BODY_HIP		16
BODY_LEG		32
BODY_ARM		64
BODY_WING		128
BODY_TAIL		256
BODY_TENTICLE		512
BODY_HORN		1024
BODY_CLAW		2048
BODY_HAND		4096
BODY_FOOT		8192
WEAPON_SLICE     1
WEAPON_STAB      2
WEAPON_SLASH     3
WEAPON_WHIP      4
WEAPON_CLAW      5
WEAPON_BLAST     6
WEAPON_POUND     7
WEAPON_CRUSH     8
WEAPON_GREP      9
WEAPON_BITE     10
WEAPON_PIERCE   11
SPELL_NONE              -1
SPELL_NONE               0
SPELL_ARMOR              1
SPELL_TELEPORT           2
SPELL_BLESS              3
SPELL_BLINDNESS          4
SPELL_BURNING_HANDS      5
SPELL_CALL_LIGHTNING     6
SPELL_CHARM_PERSON       7
SPELL_CHILL_TOUCH        8
SPELL_COLOUR_SPRAY      10
SPELL_CONTROL_WEATHER   11
SPELL_CREATE_FOOD       12
SPELL_CREATE_WATER      13
SPELL_CURE_BLINDNESS    14
SPELL_CURE_CRITICAL     15
SPELL_CURE_LIGHT        16
SPELL_CURSE             17
SPELL_DETECT_EVIL       18
SPELL_DETECT_INVIS      19
SPELL_DETECT_MAGIC      20
SPELL_DETECT_POISON     21
SPELL_DISPEL_EVIL       22
SPELL_EARTHQUAKE        23
SPELL_ENCHANT_WEAPON    24
SPELL_ENERGY_DRAIN      25
SPELL_FIREBALL          26
SPELL_HARM              27
SPELL_HEAL              28
SPELL_INVIS             29
SPELL_LIGHTNING_BOLT    30
SPELL_LOCATE_OBJECT     31
SPELL_MAGIC_MISSILE     32
SPELL_POISON            33
SPELL_PROTECTION_EVIL   34
SPELL_REMOVE_CURSE      35
SPELL_SANCTUARY         36
SPELL_SHOCKING_GRASP    37
SPELL_SLEEP             38
SPELL_GIANT_STRENGTH    39
SPELL_VENTRILOQUATE     41
SPELL_WORD_OF_RECALL    42
SPELL_CURE_POISON       43
SPELL_DETECT_HIDDEN     44
SPELL_IDENTIFY          53
SPELL_FLY               56
SPELL_CONTINUAL_LIGHT   57
SPELL_KNOW_ALIGNMENT    58
SPELL_DISPEL_MAGIC      59
SPELL_CURE_SERIOUS      61
SPELL_CAUSE_LIGHT       62
SPELL_CAUSE_CRITICAL    63
SPELL_CAUSE_SERIOUS     64
SPELL_FLAMESTRIKE       65
SPELL_STONE_SKIN        66
SPELL_SHIELD            67
SPELL_WEAKEN            68
SPELL_MASS_INVIS        69
SPELL_ACID_BLAST        70
SPELL_FAERIE_FIRE       72
SPELL_FAERIE_FOG        73
SPELL_PASS_DOOR         74
SPELL_SUMMON            76
SPELL_INFRAVISION       77
SPELL_CREATE_SPRING     80
SPELL_REFRESH           81
SPELL_CHANGE_SEX        82
SPELL_GATE              83
SPELL_ACID_BREATH      200
SPELL_FIRE_BREATH      201
SPELL_FROST_BREATH     202
SPELL_GAS_BREATH       203
SPELL_LIGHTNING_BREATH 204
SPELL_GENERAL_PURPOSE  501
SPELL_HIGH_EXPLOSIVE   502
SPELL_BLOCK_AREA       601
SPELL_WRITE_SPELL      602
SPELL_HOMONCULOUS      603
SPELL_DEMON            604
SPELL_SHADOW           605
SPELL_SHADE            606
SPELL_PHANTASM         607
SPELL_RIFT             608
SPELL_RIP              609
SPELL_TONGUES          610
SPELL_UNDERSTAND       611
SPELL_OBJECT_INVIS     612
SPELL_HASTE            613
SPELL_ENHANCED_REST    614
SPELL_ENHANCED_HEAL    615
SPELL_ENHANCED_REVIVE  616
SPELL_ANIMATE_DEAD     617
SPELL_BANISH           618
SPELL_ENHANCE_OBJECT   619
SPELL_MAGE_SHIELD      620
SPELL_DISPEL_UNDEAD    621
SPELL_DISPEL_GOOD      622
SPELL_REMOVE_FEAR      623
SPELL_FEAST            624
SPELL_RESTORE          625
SPELL_TREMOR           626
SPELL_ENERGY_SHIFT     627
SPELL_INDUCTION        628
SPELL_ILLUSION         629
SPELL_MIRROR_IMAGE     630
SPELL_HALLUCINATE      631
SPELL_STABILITY        632
SPELL_ETHEREAL_TRAVEL  633
SPELL_ASTRAL_PROJECTION 634
SPELL_BREATH_WATER     635
SPELL_MAGE_BLAST       636
SPELL_CONFUSION        637
SPELL_SANCTIFY         638
SPELL_SOUTHING_TOUCH   639
SPELL_BENEDICTION      640
SPELL_RIGHTEOUS_FURY   641
SPELL_FARHEAL	       642
SPELL_UNHOLY_WORD      643
SPELL_HOLY_WORD        644
SPELL_INVIGORATE       645
SPELL_IMPROVED_INVIS   646
SPELL_TRUESIGHT        647
SPELL_RECHARGE	       648
SPELL_TRANSPORT        649
SPELL_ANTI_MAGIC_SHELL 650
SPELL_POSSESS          651
SPELL_HALLUCINATORY_TERRAIN 652
SPELL_NIGHTMARE	       653
SPELL_SMOKE            654
SPELL_SLOW             655
SPELL_BREW_POTION      656
SPELL_ELEMENTAL        657
SPELL_FIRESHIELD       658
SPELL_UNBARRING_WAYS   659
SPELL_VAMPIRIC_TOUCH   660
SPELL_PROTECTION_GOOD  661
LIQ_WATER      0
LIQ_BEER       1
LIQ_WINE       2
LIQ_ALE        3
LIQ_DARKALE    4
LIQ_WHISKY     5
LIQ_LEMONADE   6
LIQ_FIREBRT    7
LIQ_LOCALSPC   8
LIQ_SLIME      9
LIQ_MILK       10
LIQ_TEA        11
LIQ_COFFE      12
LIQ_BLOOD      13
LIQ_SALTWATER  14
LIQ_COKE       15
WEAR_NONE		     -1
WEAR_LIGHT		      0
WEAR_FINGER_L		      1
WEAR_FINGER_R		      2
WEAR_NECK_1		      3
WEAR_NECK_2		      4
WEAR_BODY		      5
WEAR_HEAD		      6
WEAR_LEGS		      7
WEAR_FEET		      8
WEAR_HANDS		      9
WEAR_ARMS		     10
WEAR_SHIELD		     11
WEAR_ABOUT		     12
WEAR_WAIST		     13
WEAR_WRIST_L		     14
WEAR_WRIST_R		     15
WEAR_WIELD		     16
WEAR_HOLD		     17
DOOR_OPEN                     0
DOOR_CLOSED                   1
DOOR_CLOSED_LOCKED            2
TRIG_COMMAND                 67
TRIG_UNKNOWN                 85
TRIG_TICK                    84
TRIG_VOID                    88
TRIG_HIT                     72
TRIG_DAMAGE                  68
TRIG_WEAR		     87
TRIG_REMOVE		     82
OPROG_APPLY                  65
OPROG_ECHO                   69
OPROG_GOD_COMMAND            67
OPROG_GOD_ARGUMENT           71
OPROG_IF_HAS_OBJECT          72
OPROG_IF                     73
OPROG_JUNK                   74
OPROG_QUEST_SET              83
OPROG_QUEST_ADD              68
OPROG_OBJECT_QUEST_IF        81
OPROG_PLAYER_QUEST_IF        80
OIF_WEAR_LOC                119
OIF_USER_PERCENT_DAM        100
OIF_USER_CLASS               99
OIF_USER_POSITION           111
OIF_USER_GOLD                98
OIF_USER_ROOM_NUM           117
OIF_RANDOM_PERCENT          112
OIF_USER_WHICH_GOD          103
OIF_USER_ALIGNMENT           97
OIF_USER_LEVEL              108
OIF_USER_RACE               114
OIF_USER_SEX                115
OIF_USER_AREA               105
OIF_USER_PERCENT_MOVE       118
OIF_USER_PERCENT_HITPT      104
OIF_USER_PERCENT_MANA       109
OIF_USER_PK_STATUS          102
OIF_ARMYSTATUS              74
OIF_MCLASS_ILLUSIONIST      64
OIF_MCLASS_ELEMENTALIST	    65
OIF_MCLASS_ROGUE 	    66
OIF_MCLASS_RANGER	    67
OIF_MCLASS_NECROMANCER	    68
OIF_MCLASS_MONK  	    69
OIF_MCLASS_ASSASSIN	    70
OIF_USER_SECTOR		    71
OIF_TIME_OF_DAY             72
OIF_WEATHER                 73
OAPPLY_HIT                  1
OAPPLY_MOVE                 2
OAPPLY_MANA                 3
OAPPLY_ALIGNMENT            4
FLAG_CLASS_ILLUSIONIST             1
FLAG_CLASS_ELEMENTALIST            2
FLAG_CLASS_ROGUE                   4
FLAG_CLASS_RANGER                  8
FLAG_CLASS_NECROMANCER            16
FLAG_CLASS_CLERIC                 32
FLAG_CLASS_ASSASSIN               64
FLAG_CLASS_MONSTER               128
FLAG_CLASS_MONK                  256
CROOM_DARK		      1
CROOM_NO_MOB		      4
CROOM_INDOORS		      8
CROOM_PRIVATE		    512
CROOM_SAFE		   1024
CROOM_SOLITARY		   2048
CROOM_NO_RECALL		   8192
CROOM_BLOCK                32768
CEX_CANCLOSE                  1
CEX_HIDDEN		      8
CEX_PICKPROOF		     32
CACT_SENTINEL		       2
CACT_SCAVENGER		       4
CACT_AGGRESSIVE		      32
CACT_WIMPY		     128
CACT_WEAK                   2048
CACT_SMART                  4096
CACT_NO_ORDER              16384
NULL
